// Jest Snapshot v1, https://goo.gl/fbAQLP

exports[`Footer renders correctly 1`] = `
<footer
  className="footer"
>
  <div
    className="container"
  >
    <div
      className="content has-text-centered"
    >
      <p>
        <strong>
          Environmental Public Health Trackign API Assistant
        </strong>
         by
         
        <a
          href="https://github.com/stfnh"
        >
          Stefan Hochwarter
        </a>
        . code is licensed
         
        <a
          href="http://opensource.org/licenses/mit-license.php"
        >
          MIT
        </a>
        .
      </p>
      <a
        aria-label="Fork stfnh/ephtracking-api-assistant on GitHub"
        className="github-button"
        data-size="large"
        href="https://github.com/stfnh/ephtracking-api-assistant/fork"
      >
        Fork
      </a>
       
    </div>
  </div>
</footer>
`;
