// Jest Snapshot v1, https://goo.gl/fbAQLP

exports[`SelectContentArea Container renders correctly 1`] = `
ShallowWrapper {
  "length": 1,
  Symbol(enzyme.__root__): [Circular],
  Symbol(enzyme.__unrendered__): <SelectContentArea
    handleSelect={[Function]}
/>,
  Symbol(enzyme.__renderer__): Object {
    "batchedUpdates": [Function],
    "getNode": [Function],
    "render": [Function],
    "simulateEvent": [Function],
    "unmount": [Function],
  },
  Symbol(enzyme.__node__): Object {
    "instance": null,
    "key": undefined,
    "nodeType": "host",
    "props": Object {
      "children": Array [
        <label
          className="label"
>
          Content Area
</label>,
        <div
          className="control"
>
          <div
                    className="select"
          >
                    <select
                              onChange={[Function]}
                              value=""
                    >
                              <option
                                        disabled={true}
                                        value=""
                              >
                                        Select content area
                              </option>
                    </select>
          </div>
</div>,
      ],
      "className": "field",
    },
    "ref": null,
    "rendered": Array [
      Object {
        "instance": null,
        "key": undefined,
        "nodeType": "host",
        "props": Object {
          "children": "Content Area",
          "className": "label",
        },
        "ref": null,
        "rendered": "Content Area",
        "type": "label",
      },
      Object {
        "instance": null,
        "key": undefined,
        "nodeType": "host",
        "props": Object {
          "children": <div
            className="select"
>
            <select
                        onChange={[Function]}
                        value=""
            >
                        <option
                                    disabled={true}
                                    value=""
                        >
                                    Select content area
                        </option>
            </select>
</div>,
          "className": "control",
        },
        "ref": null,
        "rendered": Object {
          "instance": null,
          "key": undefined,
          "nodeType": "host",
          "props": Object {
            "children": <select
              onChange={[Function]}
              value=""
>
              <option
                            disabled={true}
                            value=""
              >
                            Select content area
              </option>
</select>,
            "className": "select",
          },
          "ref": null,
          "rendered": Object {
            "instance": null,
            "key": undefined,
            "nodeType": "host",
            "props": Object {
              "children": Array [
                <option
                  disabled={true}
                  value=""
>
                  Select content area
</option>,
              ],
              "onChange": [Function],
              "value": "",
            },
            "ref": null,
            "rendered": Array [
              Object {
                "instance": null,
                "key": "-1",
                "nodeType": "host",
                "props": Object {
                  "children": "Select content area",
                  "disabled": true,
                  "value": "",
                },
                "ref": null,
                "rendered": "Select content area",
                "type": "option",
              },
            ],
            "type": "select",
          },
          "type": "div",
        },
        "type": "div",
      },
    ],
    "type": "div",
  },
  Symbol(enzyme.__nodes__): Array [
    Object {
      "instance": null,
      "key": undefined,
      "nodeType": "host",
      "props": Object {
        "children": Array [
          <label
            className="label"
>
            Content Area
</label>,
          <div
            className="control"
>
            <div
                        className="select"
            >
                        <select
                                    onChange={[Function]}
                                    value=""
                        >
                                    <option
                                                disabled={true}
                                                value=""
                                    >
                                                Select content area
                                    </option>
                        </select>
            </div>
</div>,
        ],
        "className": "field",
      },
      "ref": null,
      "rendered": Array [
        Object {
          "instance": null,
          "key": undefined,
          "nodeType": "host",
          "props": Object {
            "children": "Content Area",
            "className": "label",
          },
          "ref": null,
          "rendered": "Content Area",
          "type": "label",
        },
        Object {
          "instance": null,
          "key": undefined,
          "nodeType": "host",
          "props": Object {
            "children": <div
              className="select"
>
              <select
                            onChange={[Function]}
                            value=""
              >
                            <option
                                          disabled={true}
                                          value=""
                            >
                                          Select content area
                            </option>
              </select>
</div>,
            "className": "control",
          },
          "ref": null,
          "rendered": Object {
            "instance": null,
            "key": undefined,
            "nodeType": "host",
            "props": Object {
              "children": <select
                onChange={[Function]}
                value=""
>
                <option
                                disabled={true}
                                value=""
                >
                                Select content area
                </option>
</select>,
              "className": "select",
            },
            "ref": null,
            "rendered": Object {
              "instance": null,
              "key": undefined,
              "nodeType": "host",
              "props": Object {
                "children": Array [
                  <option
                    disabled={true}
                    value=""
>
                    Select content area
</option>,
                ],
                "onChange": [Function],
                "value": "",
              },
              "ref": null,
              "rendered": Array [
                Object {
                  "instance": null,
                  "key": "-1",
                  "nodeType": "host",
                  "props": Object {
                    "children": "Select content area",
                    "disabled": true,
                    "value": "",
                  },
                  "ref": null,
                  "rendered": "Select content area",
                  "type": "option",
                },
              ],
              "type": "select",
            },
            "type": "div",
          },
          "type": "div",
        },
      ],
      "type": "div",
    },
  ],
  Symbol(enzyme.__options__): Object {
    "adapter": ReactSixteenAdapter {
      "options": Object {
        "enableComponentDidUpdateOnSetState": true,
      },
    },
  },
}
`;
